[eval]:3
   console.log('evB night [CACHE_VERSION = 'v1461'] '+cm+' '+gl.replace(/black_exterior=|junction_zone_flip=|covered_open_side_black=/g,'')+' | comp p5/50/95='+r.comp.p5+'/'+r.comp.p50+'/'+r.comp.p95+' le15='+r.comp.le15pct+'% ge250='+r.comp.ge250pct+'% exp='+r.exposure+'\n   '+m.slice(0,420))
               ^^^^^^^^^^^^^^^^^^^^^^^^^^^^^

SyntaxError: missing ) after argument list
    at new Script (node:vm:94:7)
    at createScript (node:vm:250:10)
    at Object.runInThisContext (node:vm:298:10)
    at node:internal/process/execution:82:21
    at [eval]-wrapper:6:24
    at runScript (node:internal/process/execution:81:62)
    at evalScript (node:internal/process/execution:103:10)
    at node:internal/main/eval_string:30:3

Node.js v18.19.1
[eval]:3
   console.log('evB p367 [CACHE_VERSION = 'v1461'] '+cm+' '+gl.replace(/black_exterior=|junction_zone_flip=|covered_open_side_black=/g,'')+' | comp p5/50/95='+r.comp.p5+'/'+r.comp.p50+'/'+r.comp.p95+' le15='+r.comp.le15pct+'% ge250='+r.comp.ge250pct+'% exp='+r.exposure+'\n   '+m.slice(0,420))
               ^^^^^^^^^^^^^^^^^^^^^^^^^^^^

SyntaxError: missing ) after argument list
    at new Script (node:vm:94:7)
    at createScript (node:vm:250:10)
    at Object.runInThisContext (node:vm:298:10)
    at node:internal/process/execution:82:21
    at [eval]-wrapper:6:24
    at runScript (node:internal/process/execution:81:62)
    at evalScript (node:internal/process/execution:103:10)
    at node:internal/main/eval_string:30:3

Node.js v18.19.1
[eval]:3
   console.log('evB p100 [CACHE_VERSION = 'v1461'] '+cm+' '+gl.replace(/black_exterior=|junction_zone_flip=|covered_open_side_black=/g,'')+' | comp p5/50/95='+r.comp.p5+'/'+r.comp.p50+'/'+r.comp.p95+' le15='+r.comp.le15pct+'% ge250='+r.comp.ge250pct+'% exp='+r.exposure+'\n   '+m.slice(0,420))
               ^^^^^^^^^^^^^^^^^^^^^^^^^^^^

SyntaxError: missing ) after argument list
    at new Script (node:vm:94:7)
    at createScript (node:vm:250:10)
    at Object.runInThisContext (node:vm:298:10)
    at node:internal/process/execution:82:21
    at [eval]-wrapper:6:24
    at runScript (node:internal/process/execution:81:62)
    at evalScript (node:internal/process/execution:103:10)
    at node:internal/main/eval_string:30:3

Node.js v18.19.1
[eval]:3
   console.log('evB p501 [CACHE_VERSION = 'v1461'] '+cm+' '+gl.replace(/black_exterior=|junction_zone_flip=|covered_open_side_black=/g,'')+' | comp p5/50/95='+r.comp.p5+'/'+r.comp.p50+'/'+r.comp.p95+' le15='+r.comp.le15pct+'% ge250='+r.comp.ge250pct+'% exp='+r.exposure+'\n   '+m.slice(0,420))
               ^^^^^^^^^^^^^^^^^^^^^^^^^^^^

SyntaxError: missing ) after argument list
    at new Script (node:vm:94:7)
    at createScript (node:vm:250:10)
    at Object.runInThisContext (node:vm:298:10)
    at node:internal/process/execution:82:21
    at [eval]-wrapper:6:24
    at runScript (node:internal/process/execution:81:62)
    at evalScript (node:internal/process/execution:103:10)
    at node:internal/main/eval_string:30:3

Node.js v18.19.1
[eval]:3
   console.log('evB p614 [CACHE_VERSION = 'v1461'] '+cm+' '+gl.replace(/black_exterior=|junction_zone_flip=|covered_open_side_black=/g,'')+' | comp p5/50/95='+r.comp.p5+'/'+r.comp.p50+'/'+r.comp.p95+' le15='+r.comp.le15pct+'% ge250='+r.comp.ge250pct+'% exp='+r.exposure+'\n   '+m.slice(0,420))
               ^^^^^^^^^^^^^^^^^^^^^^^^^^^^

SyntaxError: missing ) after argument list
    at new Script (node:vm:94:7)
    at createScript (node:vm:250:10)
    at Object.runInThisContext (node:vm:298:10)
    at node:internal/process/execution:82:21
    at [eval]-wrapper:6:24
    at runScript (node:internal/process/execution:81:62)
    at evalScript (node:internal/process/execution:103:10)
    at node:internal/main/eval_string:30:3

Node.js v18.19.1
[eval]:3
   console.log('evB a616 [CACHE_VERSION = 'v1461'] '+cm+' '+gl.replace(/black_exterior=|junction_zone_flip=|covered_open_side_black=/g,'')+' | comp p5/50/95='+r.comp.p5+'/'+r.comp.p50+'/'+r.comp.p95+' le15='+r.comp.le15pct+'% ge250='+r.comp.ge250pct+'% exp='+r.exposure+'\n   '+m.slice(0,420))
               ^^^^^^^^^^^^^^^^^^^^^^^^^^^^

SyntaxError: missing ) after argument list
    at new Script (node:vm:94:7)
    at createScript (node:vm:250:10)
    at Object.runInThisContext (node:vm:298:10)
    at node:internal/process/execution:82:21
    at [eval]-wrapper:6:24
    at runScript (node:internal/process/execution:81:62)
    at evalScript (node:internal/process/execution:103:10)
    at node:internal/main/eval_string:30:3

Node.js v18.19.1
[eval]:3
   console.log('evB a862 [CACHE_VERSION = 'v1461'] '+cm+' '+gl.replace(/black_exterior=|junction_zone_flip=|covered_open_side_black=/g,'')+' | comp p5/50/95='+r.comp.p5+'/'+r.comp.p50+'/'+r.comp.p95+' le15='+r.comp.le15pct+'% ge250='+r.comp.ge250pct+'% exp='+r.exposure+'\n   '+m.slice(0,420))
               ^^^^^^^^^^^^^^^^^^^^^^^^^^^^

SyntaxError: missing ) after argument list
    at new Script (node:vm:94:7)
    at createScript (node:vm:250:10)
    at Object.runInThisContext (node:vm:298:10)
    at node:internal/process/execution:82:21
    at [eval]-wrapper:6:24
    at runScript (node:internal/process/execution:81:62)
    at evalScript (node:internal/process/execution:103:10)
    at node:internal/main/eval_string:30:3

Node.js v18.19.1
[eval]:3
   console.log('evB clinic [CACHE_VERSION = 'v1461'] '+cm+' '+gl.replace(/black_exterior=|junction_zone_flip=|covered_open_side_black=/g,'')+' | comp p5/50/95='+r.comp.p5+'/'+r.comp.p50+'/'+r.comp.p95+' le15='+r.comp.le15pct+'% ge250='+r.comp.ge250pct+'% exp='+r.exposure+'\n   '+m.slice(0,420))
               ^^^^^^^^^^^^^^^^^^^^^^^^^^^^^^

SyntaxError: missing ) after argument list
    at new Script (node:vm:94:7)
    at createScript (node:vm:250:10)
    at Object.runInThisContext (node:vm:298:10)
    at node:internal/process/execution:82:21
    at [eval]-wrapper:6:24
    at runScript (node:internal/process/execution:81:62)
    at evalScript (node:internal/process/execution:103:10)
    at node:internal/main/eval_string:30:3

Node.js v18.19.1
[eval]:3
   console.log('evB inner [CACHE_VERSION = 'v1461'] '+cm+' '+gl.replace(/black_exterior=|junction_zone_flip=|covered_open_side_black=/g,'')+' | comp p5/50/95='+r.comp.p5+'/'+r.comp.p50+'/'+r.comp.p95+' le15='+r.comp.le15pct+'% ge250='+r.comp.ge250pct+'% exp='+r.exposure+'\n   '+m.slice(0,420))
               ^^^^^^^^^^^^^^^^^^^^^^^^^^^^^

SyntaxError: missing ) after argument list
    at new Script (node:vm:94:7)
    at createScript (node:vm:250:10)
    at Object.runInThisContext (node:vm:298:10)
    at node:internal/process/execution:82:21
    at [eval]-wrapper:6:24
    at runScript (node:internal/process/execution:81:62)
    at evalScript (node:internal/process/execution:103:10)
    at node:internal/main/eval_string:30:3

Node.js v18.19.1
[eval]:3
   console.log('evB term [CACHE_VERSION = 'v1461'] '+cm+' '+gl.replace(/black_exterior=|junction_zone_flip=|covered_open_side_black=/g,'')+' | comp p5/50/95='+r.comp.p5+'/'+r.comp.p50+'/'+r.comp.p95+' le15='+r.comp.le15pct+'% ge250='+r.comp.ge250pct+'% exp='+r.exposure+'\n   '+m.slice(0,420))
               ^^^^^^^^^^^^^^^^^^^^^^^^^^^^

SyntaxError: missing ) after argument list
    at new Script (node:vm:94:7)
    at createScript (node:vm:250:10)
    at Object.runInThisContext (node:vm:298:10)
    at node:internal/process/execution:82:21
    at [eval]-wrapper:6:24
    at runScript (node:internal/process/execution:81:62)
    at evalScript (node:internal/process/execution:103:10)
    at node:internal/main/eval_string:30:3

Node.js v18.19.1
[eval]:3
   console.log('evB p2 [CACHE_VERSION = 'v1461'] '+cm+' '+gl.replace(/black_exterior=|junction_zone_flip=|covered_open_side_black=/g,'')+' | comp p5/50/95='+r.comp.p5+'/'+r.comp.p50+'/'+r.comp.p95+' le15='+r.comp.le15pct+'% ge250='+r.comp.ge250pct+'% exp='+r.exposure+'\n   '+m.slice(0,420))
               ^^^^^^^^^^^^^^^^^^^^^^^^^^

SyntaxError: missing ) after argument list
    at new Script (node:vm:94:7)
    at createScript (node:vm:250:10)
    at Object.runInThisContext (node:vm:298:10)
    at node:internal/process/execution:82:21
    at [eval]-wrapper:6:24
    at runScript (node:internal/process/execution:81:62)
    at evalScript (node:internal/process/execution:103:10)
    at node:internal/main/eval_string:30:3

Node.js v18.19.1
[eval]:3
   console.log('evB p698 [CACHE_VERSION = 'v1461'] '+cm+' '+gl.replace(/black_exterior=|junction_zone_flip=|covered_open_side_black=/g,'')+' | comp p5/50/95='+r.comp.p5+'/'+r.comp.p50+'/'+r.comp.p95+' le15='+r.comp.le15pct+'% ge250='+r.comp.ge250pct+'% exp='+r.exposure+'\n   '+m.slice(0,420))
               ^^^^^^^^^^^^^^^^^^^^^^^^^^^^

SyntaxError: missing ) after argument list
    at new Script (node:vm:94:7)
    at createScript (node:vm:250:10)
    at Object.runInThisContext (node:vm:298:10)
    at node:internal/process/execution:82:21
    at [eval]-wrapper:6:24
    at runScript (node:internal/process/execution:81:62)
    at evalScript (node:internal/process/execution:103:10)
    at node:internal/main/eval_string:30:3

Node.js v18.19.1
[eval]:3
   console.log('evB p672 [CACHE_VERSION = 'v1461'] '+cm+' '+gl.replace(/black_exterior=|junction_zone_flip=|covered_open_side_black=/g,'')+' | comp p5/50/95='+r.comp.p5+'/'+r.comp.p50+'/'+r.comp.p95+' le15='+r.comp.le15pct+'% ge250='+r.comp.ge250pct+'% exp='+r.exposure+'\n   '+m.slice(0,420))
               ^^^^^^^^^^^^^^^^^^^^^^^^^^^^

SyntaxError: missing ) after argument list
    at new Script (node:vm:94:7)
    at createScript (node:vm:250:10)
    at Object.runInThisContext (node:vm:298:10)
    at node:internal/process/execution:82:21
    at [eval]-wrapper:6:24
    at runScript (node:internal/process/execution:81:62)
    at evalScript (node:internal/process/execution:103:10)
    at node:internal/main/eval_string:30:3

Node.js v18.19.1
== evB done 09:20:19
