evD night [CACHE_VERSION = v1470] compositeMean=221.62 GLARE bld=Hospital PASS 0 0 0 | comp p5/50/95=191.2/227/249.6 le15=0.284% ge250=4.82% exp=10.4882
   §METER_HIST low%=40 high%=90 bandsL[70/95:1.078e-2 40/90:5.959e-3 10/90:3.824e-3] bandL=5.959e-3 bandPixels=7201/14400 allLogAvg=4.654e-3 bandL=2.73e-3..1.38e-2
evD p367 [CACHE_VERSION = v1470] compositeMean=96.37 GLARE bld=Hospital PASS 0 0 0 | comp p5/50/95=32.6/75.3/222.6 le15=0.424% ge250=0% exp=0.5272
   §METER_HIST low%=40 high%=90 bandsL[70/95:3.862e-1 40/90:1.186e-1 10/90:3.466e-2] bandL=1.185e-1 bandPixels=7202/14400 allLogAvg=3.252e-2 bandL=8.86e-3..4.83e-1
evD p100 [CACHE_VERSION = v1470] compositeMean=75.8 GLARE bld=Hospital PASS 0 0 0 | comp p5/50/95=9.9/35.6/251.4 le15=10.948% ge250=6.87% exp=5.4357
   §METER_HIST low%=40 high%=90 bandsL[70/95:3.590e-2 40/90:8.106e-3 10/90:3.615e-3] bandL=1.150e-2 bandPixels=7974/14400 allLogAvg=3.954e-3 bandL=2.14e-3..2.98e-1
evD p501 [CACHE_VERSION = v1470] compositeMean=107.62 GLARE bld=Hospital PASS 0 0 0 | comp p5/50/95=31.6/85.1/228.3 le15=0.38% ge250=0.05% exp=0.6327
   §METER_HIST low%=40 high%=90 bandsL[70/95:3.370e-1 40/90:9.878e-2 10/90:2.779e-2] bandL=9.878e-2 bandPixels=7201/14400 allLogAvg=2.670e-2 bandL=7.20e-3..3.95e-1
evD p614 [CACHE_VERSION = v1470] compositeMean=80.84 GLARE bld=Hospital PASS 0 0 0 | comp p5/50/95=28.9/67.4/155.4 le15=0.414% ge250=0% exp=0.496
   §METER_HIST low%=40 high%=90 bandsL[70/95:4.151e-1 40/90:1.260e-1 10/90:4.333e-2] bandL=1.260e-1 bandPixels=7201/14400 allLogAvg=4.148e-2 bandL=1.20e-2..4.42e-1
evD a616 [CACHE_VERSION = v1470] compositeMean=87.12 GLARE bld=Hospital PASS 0 0 0 | comp p5/50/95=26.1/78/166.1 le15=1.15% ge250=0% exp=0.3384
   §METER_HIST low%=40 high%=90 bandsL[70/95:6.258e-1 40/90:1.847e-1 10/90:3.672e-2] bandL=1.847e-1 bandPixels=7201/14400 allLogAvg=3.406e-2 bandL=8.68e-3..7.36e-1
evD a862 [CACHE_VERSION = v1470] compositeMean=126.66 GLARE bld=Hospital PASS 0 0 0 | comp p5/50/95=66.3/120.2/211.6 le15=0.106% ge250=1.45% exp=1.1245
   §METER_HIST low%=40 high%=90 bandsL[70/95:1.577e-1 40/90:5.558e-2 10/90:2.436e-2] bandL=5.558e-2 bandPixels=7201/14400 allLogAvg=2.591e-2 bandL=1.68e-2..5.72e-1
evD clinic [CACHE_VERSION = v1470] compositeMean=35.56 GLARE bld=Clinic PASS 0 0 0 | comp p5/50/95=15.4/27.3/72.8 le15=5.138% ge250=0% exp=25.686
   §METER_HIST low%=40 high%=90 bandsL[70/95:3.185e-3 40/90:2.433e-3 10/90:2.193e-3] bandL=2.433e-3 bandPixels=7202/14400 allLogAvg=2.472e-3 bandL=1.84e-3..3.73e-3
evD inner [CACHE_VERSION = v1470] compositeMean=20.01 GLARE bld=Hospital PASS 0 0 0 | comp p5/50/95=7.1/21.9/34.9 le15=38.829% ge250=0% exp=13.824
   §METER_HIST low%=40 high%=90 bandsL[70/95:5.528e-3 40/90:4.522e-3 10/90:3.466e-3] bandL=4.521e-3 bandPixels=7205/14400 allLogAvg=3.562e-3 bandL=3.16e-3..6.19e-3
evD term [CACHE_VERSION = v1470] compositeMean=28.18 GLARE bld=TerminalMerged PASS 0 0 0 | comp p5/50/95=6/15/135.2 le15=51.072% ge250=0% exp=8.9657
   §METER_HIST low%=40 high%=90 bandsL[70/95:1.143e-2 40/90:6.969e-3 10/90:5.232e-3] bandL=6.971e-3 bandPixels=7206/14400 allLogAvg=5.237e-3 bandL=4.22e-3..1.45e-2
evD p2 [CACHE_VERSION = v1470] compositeMean=63.88 GLARE bld=Hospital PASS 0 0 0 | comp p5/50/95=24.7/55.6/126.9 le15=0.812% ge250=0.27% exp=13.5258
   §METER_HIST low%=40 high%=90 bandsL[70/95:8.617e-3 40/90:4.621e-3 10/90:1.703e-3] bandL=4.621e-3 bandPixels=7201/14400 allLogAvg=1.618e-3 bandL=1.77e-3..1.12e-2
evD p698 [CACHE_VERSION = v1470] compositeMean=45.68 GLARE bld=Hospital PASS 0 0 0 | comp p5/50/95=20.9/42.1/94.3 le15=1.658% ge250=0.04% exp=9.405
   §METER_HIST low%=40 high%=90 bandsL[70/95:1.076e-2 40/90:6.645e-3 10/90:3.339e-3] bandL=6.645e-3 bandPixels=7201/14400 allLogAvg=2.753e-3 bandL=3.17e-3..1.27e-2
evD p672 [CACHE_VERSION = v1470] compositeMean=104.3 GLARE bld=Hospital PASS 0 0 0 | comp p5/50/95=49.4/94.7/195.2 le15=0.037% ge250=0.37% exp=19.2077
   §METER_HIST low%=40 high%=90 bandsL[70/95:6.657e-3 40/90:3.254e-3 10/90:1.976e-3] bandL=3.254e-3 bandPixels=7203/14400 allLogAvg=1.933e-3 bandL=1.63e-3..9.39e-3
== evD done 11:25:00
